Microsoft Windows [Version 10.0.19044.1949]
(c) Microsoft Corporation. All rights reserved.

C:\Users\zawad>sqlplus

SQL*Plus: Release 11.2.0.2.0 Production on Wed Sep 7 22:18:09 2022

Copyright (c) 1982, 2014, Oracle.  All rights reserved.

Enter user-name: zarif
Enter password:

Connected to:
Oracle Database 11g Express Edition Release 11.2.0.2.0 - 64bit Production

SQL> select * from registration;

ID                   NAME                           DEPT
-------------------- ------------------------------ ----------
PASSWORD                       USERS
------------------------------ ----------
12                   ab                             EEE
123ab

13                   abc                            EEE
123a


SQL> select * from students;

no rows selected

SQL> select * from registration;

ID                   NAME                           DEPT
-------------------- ------------------------------ ----------
PASSWORD                       USERS
------------------------------ ----------
12                   abcd                           TEX
123ab

13                   abc                            EEE
123a

2000                 A Train                        TEX
123                            student


SQL> create table Q_bank (id number unique, Question varchar2(255),Ans1 varchar2(255),Ans2 varchar2(255),Ans3 varchar2(255),Ans4 varchar2(255),correct_ans number);

Table created.

SQL> desc q_bank
 Name                                      Null?    Type
 ----------------------------------------- -------- ----------------------------
 ID                                                 NUMBER
 QUESTION                                           VARCHAR2(255)
 ANS1                                               VARCHAR2(255)
 ANS2                                               VARCHAR2(255)
 ANS3                                               VARCHAR2(255)
 ANS4                                               VARCHAR2(255)
 CORRECT_ANS                                        NUMBER

SQL> select*from q_bank;

no rows selected

SQL> select MAX(id) AS maxid from q_bank
  2  ;

     MAXID
----------


SQL> select MAX(id)+1 AS maxid from q_bank
  2  ;

     MAXID
----------


SQL> select IFNULL(MAX(id),1,MAX(id)) AS maxid from q_bank
  2  ;
select IFNULL(MAX(id),1,MAX(id)) AS maxid from q_bank
       *
ERROR at line 1:
ORA-00904: "IFNULL": invalid identifier


SQL> select MAX(id) AS maxid from q_bank
  2  ;

     MAXID
----------


SQL> select * from q_bank;

        ID
----------
QUESTION
--------------------------------------------------------------------------------
ANS1
--------------------------------------------------------------------------------
ANS2
--------------------------------------------------------------------------------
ANS3
--------------------------------------------------------------------------------
ANS4
--------------------------------------------------------------------------------
CORRECT_ANS
-----------
         1

        ID
----------
QUESTION
--------------------------------------------------------------------------------
ANS1
--------------------------------------------------------------------------------
ANS2
--------------------------------------------------------------------------------
ANS3
--------------------------------------------------------------------------------
ANS4
--------------------------------------------------------------------------------
CORRECT_ANS
-----------
which one is an animal

        ID
----------
QUESTION
--------------------------------------------------------------------------------
ANS1
--------------------------------------------------------------------------------
ANS2
--------------------------------------------------------------------------------
ANS3
--------------------------------------------------------------------------------
ANS4
--------------------------------------------------------------------------------
CORRECT_ANS
-----------
tree

        ID
----------
QUESTION
--------------------------------------------------------------------------------
ANS1
--------------------------------------------------------------------------------
ANS2
--------------------------------------------------------------------------------
ANS3
--------------------------------------------------------------------------------
ANS4
--------------------------------------------------------------------------------
CORRECT_ANS
-----------
book

        ID
----------
QUESTION
--------------------------------------------------------------------------------
ANS1
--------------------------------------------------------------------------------
ANS2
--------------------------------------------------------------------------------
ANS3
--------------------------------------------------------------------------------
ANS4
--------------------------------------------------------------------------------
CORRECT_ANS
-----------
dog

        ID
----------
QUESTION
--------------------------------------------------------------------------------
ANS1
--------------------------------------------------------------------------------
ANS2
--------------------------------------------------------------------------------
ANS3
--------------------------------------------------------------------------------
ANS4
--------------------------------------------------------------------------------
CORRECT_ANS
-----------
car

        ID
----------
QUESTION
--------------------------------------------------------------------------------
ANS1
--------------------------------------------------------------------------------
ANS2
--------------------------------------------------------------------------------
ANS3
--------------------------------------------------------------------------------
ANS4
--------------------------------------------------------------------------------
CORRECT_ANS
-----------
          3

        ID
----------
QUESTION
--------------------------------------------------------------------------------
ANS1
--------------------------------------------------------------------------------
ANS2
--------------------------------------------------------------------------------
ANS3
--------------------------------------------------------------------------------
ANS4
--------------------------------------------------------------------------------
CORRECT_ANS
-----------


SQL> save registration.sql;
Created file registration.sql
SQL>

